> Task :Safe:buildKotlinToolingMetadata
> Task :Safe:checkKotlinGradlePluginConfigurationErrors
> Task :Safe:preBuild UP-TO-DATE
> Task :Safe:preAlphaBuild UP-TO-DATE
> Task :Safe:generateAlphaBuildConfig
> Task :Safe:checkAlphaAarMetadata
> Task :Safe:processAlphaNavigationResources
> Task :Safe:generateAlphaResValues
> Task :Safe:compileAlphaNavigationResources
> Task :Safe:mapAlphaSourceSetPaths
> Task :Safe:generateAlphaResources
> Task :Safe:packageAlphaResources
> Task :Safe:createAlphaCompatibleScreenManifests
> Task :Safe:extractDeepLinksAlpha
> Task :Safe:parseAlphaLocalResources

> Task :Safe:processAlphaMainManifest
/app/Safe/src/main/AndroidManifest.xml:16:3-23:33 Warning:
	permission#io.github.cfsima.modernsafe.ACCESS_SERVICE@tools:permission was tagged at AndroidManifest.xml:16 to remove other declarations but no other declaration present
/app/Safe/src/main/AndroidManifest.xml:29:3-163:17 Warning:
	application@android:label was tagged at AndroidManifest.xml:29 to replace other declarations but no other declaration present

> Task :Safe:processAlphaManifest
> Task :Safe:mergeAlphaResources
> Task :Safe:javaPreCompileAlpha
> Task :Safe:processAlphaManifestForPackage
> Task :Safe:preAlphaUnitTestBuild UP-TO-DATE
> Task :Safe:preDebugBuild UP-TO-DATE
> Task :Safe:generateDebugBuildConfig UP-TO-DATE
> Task :Safe:javaPreCompileAlphaUnitTest
> Task :Safe:checkDebugAarMetadata UP-TO-DATE
> Task :Safe:processDebugNavigationResources UP-TO-DATE
> Task :Safe:compileDebugNavigationResources UP-TO-DATE
> Task :Safe:generateDebugResValues UP-TO-DATE
> Task :Safe:mapDebugSourceSetPaths UP-TO-DATE
> Task :Safe:generateDebugResources UP-TO-DATE
> Task :Safe:mergeDebugResources UP-TO-DATE
> Task :Safe:packageDebugResources UP-TO-DATE
> Task :Safe:parseDebugLocalResources UP-TO-DATE
> Task :Safe:createDebugCompatibleScreenManifests UP-TO-DATE
> Task :Safe:extractDeepLinksDebug UP-TO-DATE
> Task :Safe:processDebugMainManifest UP-TO-DATE
> Task :Safe:processDebugManifest UP-TO-DATE
> Task :Safe:processDebugManifestForPackage UP-TO-DATE
> Task :Safe:processDebugResources UP-TO-DATE
> Task :Safe:compileDebugKotlin UP-TO-DATE
> Task :Safe:javaPreCompileDebug UP-TO-DATE
> Task :Safe:compileDebugJavaWithJavac UP-TO-DATE
> Task :Safe:preDebugUnitTestBuild UP-TO-DATE
> Task :Safe:javaPreCompileDebugUnitTest
> Task :Safe:processDebugJavaRes UP-TO-DATE
> Task :Safe:preReleaseBuild UP-TO-DATE
> Task :Safe:generateReleaseBuildConfig
> Task :Safe:bundleDebugClassesToCompileJar
> Task :Safe:bundleDebugClassesToRuntimeJar
> Task :Safe:checkReleaseAarMetadata
> Task :Safe:compileDebugUnitTestKotlin NO-SOURCE
> Task :Safe:processAlphaResources
> Task :Safe:compileDebugUnitTestJavaWithJavac
> Task :Safe:processDebugUnitTestJavaRes NO-SOURCE
> Task :Safe:testDebugUnitTest
> Task :Safe:processReleaseNavigationResources
> Task :Safe:generateReleaseResValues
> Task :Safe:compileReleaseNavigationResources
> Task :Safe:mapReleaseSourceSetPaths
> Task :Safe:generateReleaseResources
> Task :Safe:packageReleaseResources
> Task :Safe:createReleaseCompatibleScreenManifests
> Task :Safe:extractDeepLinksRelease
> Task :Safe:parseReleaseLocalResources

> Task :Safe:processReleaseMainManifest
/app/Safe/src/main/AndroidManifest.xml:16:3-23:33 Warning:
	permission#io.github.cfsima.modernsafe.ACCESS_SERVICE@tools:permission was tagged at AndroidManifest.xml:16 to remove other declarations but no other declaration present
/app/Safe/src/main/AndroidManifest.xml:29:3-163:17 Warning:
	application@android:label was tagged at AndroidManifest.xml:29 to replace other declarations but no other declaration present

> Task :Safe:processReleaseManifest
> Task :Safe:processReleaseManifestForPackage
> Task :Safe:preReleaseUnitTestBuild UP-TO-DATE
> Task :Safe:javaPreCompileRelease
> Task :Safe:javaPreCompileReleaseUnitTest
> Task :Safe:mergeReleaseResources
> Task :Safe:processReleaseResources
> Task :Safe:compileAlphaKotlin
w: file:///app/Safe/src/main/java/io/github/cfsima/modernsafe/AskPasswordViewModel.kt:4:27 'PreferenceManager' is deprecated. Deprecated in Java
w: file:///app/Safe/src/main/java/io/github/cfsima/modernsafe/AskPasswordViewModel.kt:87:18 'PreferenceManager' is deprecated. Deprecated in Java
w: file:///app/Safe/src/main/java/io/github/cfsima/modernsafe/AskPasswordViewModel.kt:87:36 'getDefaultSharedPreferences(Context!): SharedPreferences!' is deprecated. Deprecated in Java
w: file:///app/Safe/src/main/java/io/github/cfsima/modernsafe/AskPasswordViewModel.kt:203:18 'PreferenceManager' is deprecated. Deprecated in Java
w: file:///app/Safe/src/main/java/io/github/cfsima/modernsafe/AskPasswordViewModel.kt:203:36 'getDefaultSharedPreferences(Context!): SharedPreferences!' is deprecated. Deprecated in Java
w: file:///app/Safe/src/main/java/io/github/cfsima/modernsafe/AskPasswordViewModel.kt:211:18 'PreferenceManager' is deprecated. Deprecated in Java
w: file:///app/Safe/src/main/java/io/github/cfsima/modernsafe/AskPasswordViewModel.kt:211:36 'getDefaultSharedPreferences(Context!): SharedPreferences!' is deprecated. Deprecated in Java
w: file:///app/Safe/src/main/java/io/github/cfsima/modernsafe/CategoryList.kt:118:118 Parameter 'result' is never used, could be renamed to _
w: file:///app/Safe/src/main/java/io/github/cfsima/modernsafe/CategoryListViewModel.kt:150:33 Variable 'importMessage' initializer is redundant
w: file:///app/Safe/src/main/java/io/github/cfsima/modernsafe/CategoryListViewModel.kt:246:33 Variable 'importMessage' initializer is redundant
w: file:///app/Safe/src/main/java/io/github/cfsima/modernsafe/PassEditScreen.kt:138:43 'ArrowBack: ImageVector' is deprecated. Use the AutoMirrored version at Icons.AutoMirrored.Filled.ArrowBack
w: file:///app/Safe/src/main/java/io/github/cfsima/modernsafe/PassListScreen.kt:36:44 'ArrowBack: ImageVector' is deprecated. Use the AutoMirrored version at Icons.AutoMirrored.Filled.ArrowBack
w: file:///app/Safe/src/main/java/io/github/cfsima/modernsafe/PassViewScreen.kt:44:44 'ArrowBack: ImageVector' is deprecated. Use the AutoMirrored version at Icons.AutoMirrored.Filled.ArrowBack
w: file:///app/Safe/src/main/java/io/github/cfsima/modernsafe/SearchScreen.kt:56:57 'ArrowBack: ImageVector' is deprecated. Use the AutoMirrored version at Icons.AutoMirrored.Filled.ArrowBack
w: file:///app/Safe/src/main/java/io/github/cfsima/modernsafe/ui/theme/Theme.kt:49:20 'setter for statusBarColor: Int' is deprecated. Deprecated in Java

> Task :Safe:compileReleaseKotlin
w: file:///app/Safe/src/main/java/io/github/cfsima/modernsafe/AskPasswordViewModel.kt:4:27 'PreferenceManager' is deprecated. Deprecated in Java
w: file:///app/Safe/src/main/java/io/github/cfsima/modernsafe/AskPasswordViewModel.kt:87:18 'PreferenceManager' is deprecated. Deprecated in Java
w: file:///app/Safe/src/main/java/io/github/cfsima/modernsafe/AskPasswordViewModel.kt:87:36 'getDefaultSharedPreferences(Context!): SharedPreferences!' is deprecated. Deprecated in Java
w: file:///app/Safe/src/main/java/io/github/cfsima/modernsafe/AskPasswordViewModel.kt:203:18 'PreferenceManager' is deprecated. Deprecated in Java
w: file:///app/Safe/src/main/java/io/github/cfsima/modernsafe/AskPasswordViewModel.kt:203:36 'getDefaultSharedPreferences(Context!): SharedPreferences!' is deprecated. Deprecated in Java
w: file:///app/Safe/src/main/java/io/github/cfsima/modernsafe/AskPasswordViewModel.kt:211:18 'PreferenceManager' is deprecated. Deprecated in Java
w: file:///app/Safe/src/main/java/io/github/cfsima/modernsafe/AskPasswordViewModel.kt:211:36 'getDefaultSharedPreferences(Context!): SharedPreferences!' is deprecated. Deprecated in Java
w: file:///app/Safe/src/main/java/io/github/cfsima/modernsafe/CategoryList.kt:118:118 Parameter 'result' is never used, could be renamed to _
w: file:///app/Safe/src/main/java/io/github/cfsima/modernsafe/CategoryListViewModel.kt:150:33 Variable 'importMessage' initializer is redundant
w: file:///app/Safe/src/main/java/io/github/cfsima/modernsafe/CategoryListViewModel.kt:246:33 Variable 'importMessage' initializer is redundant
w: file:///app/Safe/src/main/java/io/github/cfsima/modernsafe/PassEditScreen.kt:138:43 'ArrowBack: ImageVector' is deprecated. Use the AutoMirrored version at Icons.AutoMirrored.Filled.ArrowBack
w: file:///app/Safe/src/main/java/io/github/cfsima/modernsafe/PassListScreen.kt:36:44 'ArrowBack: ImageVector' is deprecated. Use the AutoMirrored version at Icons.AutoMirrored.Filled.ArrowBack
w: file:///app/Safe/src/main/java/io/github/cfsima/modernsafe/PassViewScreen.kt:44:44 'ArrowBack: ImageVector' is deprecated. Use the AutoMirrored version at Icons.AutoMirrored.Filled.ArrowBack
w: file:///app/Safe/src/main/java/io/github/cfsima/modernsafe/SearchScreen.kt:56:57 'ArrowBack: ImageVector' is deprecated. Use the AutoMirrored version at Icons.AutoMirrored.Filled.ArrowBack
w: file:///app/Safe/src/main/java/io/github/cfsima/modernsafe/ui/theme/Theme.kt:49:20 'setter for statusBarColor: Int' is deprecated. Deprecated in Java

> Task :Safe:compileReleaseJavaWithJavac
Note: Some input files use or override a deprecated API.
Note: Recompile with -Xlint:deprecation for details.

> Task :Safe:compileAlphaJavaWithJavac
Note: Some input files use or override a deprecated API.
Note: Recompile with -Xlint:deprecation for details.

> Task :Safe:processAlphaJavaRes
> Task :Safe:bundleAlphaClassesToRuntimeJar
> Task :Safe:processReleaseJavaRes
> Task :Safe:bundleAlphaClassesToCompileJar
> Task :Safe:compileAlphaUnitTestKotlin NO-SOURCE
> Task :Safe:bundleReleaseClassesToCompileJar
> Task :Safe:bundleReleaseClassesToRuntimeJar
> Task :Safe:compileAlphaUnitTestJavaWithJavac
> Task :Safe:processAlphaUnitTestJavaRes NO-SOURCE
> Task :Safe:testAlphaUnitTest
> Task :Safe:compileReleaseUnitTestKotlin NO-SOURCE
> Task :Safe:compileReleaseUnitTestJavaWithJavac
> Task :Safe:processReleaseUnitTestJavaRes NO-SOURCE
> Task :Safe:testReleaseUnitTest
> Task :Safe:test

[Incubating] Problems report is available at: file:///app/build/reports/problems/problems-report.html

Deprecated Gradle features were used in this build, making it incompatible with Gradle 10.

You can use '--warning-mode all' to show the individual deprecation warnings and determine if they come from your own scripts or plugins.

For more on this, please refer to https://docs.gradle.org/9.1.0/userguide/command_line_interface.html#sec:command_line_warnings in the Gradle documentation.

BUILD SUCCESSFUL in 54s
77 actionable tasks: 57 executed, 20 up-to-date
